// Jest Snapshot v1, https://goo.gl/fbAQLP

exports[`<App /> should render and match the snapshot 1`] = `
<BrowserRouter>
  <Helmet
    defaultTitle="Podcaster"
    defer={true}
    encodeSpecialCharacters={true}
    htmlAttributes={
      Object {
        "lang": undefined,
      }
    }
    prioritizeSeoTags={false}
    titleTemplate="Podcaster"
  >
    <meta
      content="Podcaster App"
      name="description"
    />
  </Helmet>
  <PageHeader />
  <Routes>
    <Route
      element={<Unknown />}
      path="/"
    />
    <Route
      element={<PodcastPage />}
      path="/podcast/:id"
    />
    <Route
      element={<EpisodePage />}
      path="/podcast/:id/episode/:trackId"
    />
    <Route
      element={<Unknown />}
      path="*"
    />
  </Routes>
  <Memo(l) />
</BrowserRouter>
`;
